<html>
<body>
<pre>
<h1>µVision Build Log</h1>
<h2>Tool Versions:</h2>
IDE-Version: £gVision V5.38.0.0
Copyright (C) 2022 ARM Ltd and ARM Germany GmbH. All rights reserved.
License Information: Lin Yu-Cheng
Yuntech
User-based license: Keil MDK Community (non-commercial free of charge)
Valid until: Jun 1 2033. Cached until: May 10 2024
 
Tool Versions:
Toolchain:       Keil MDK Community (non-commercial free of charge  Version: 5.38.0.0
Toolchain Path:  C:\Keil_v5\ARM\ARMCLANG\Bin
C Compiler:      ArmClang.exe V6.19
Assembler:       Armasm.exe V6.19
Linker/Locator:  ArmLink.exe V6.19
Library Manager: ArmAr.exe V6.19
Hex Converter:   FromElf.exe V6.19
CPU DLL:         SARMCM3.DLL V5.38.0.0
Dialog DLL:      DCM.DLL V1.17.5.0
Target DLL:      STLink\ST-LINKIII-KEIL_SWO.dll V3.1.0.0
Dialog DLL:      TCM.DLL V1.56.4.0
 
<h2>Project:</h2>
C:\Users\rs040\Documents\lab8_ethernet_server\MDK-ARM\lab8_ethernet_server.uvprojx
Project File Date:  05/03/2024

<h2>Output:</h2>
*** Using Compiler 'V6.19', folder: 'C:\Keil_v5\ARM\ARMCLANG\Bin'
Rebuild target 'lab8_ethernet_server'
compiling lan8742.c...
assembling startup_stm32f429xx.s...
compiling stm32f4xx_hal_flash_ramfunc.c...
compiling stm32f4xx_it.c...
compiling freertos.c...
compiling gpio.c...
compiling stm32f4xx_hal_msp.c...
compiling ethernetif.c...
compiling stm32f4xx_hal_flash_ex.c...
compiling main.c...
compiling stm32f4xx_hal_timebase_tim.c...
compiling lwip.c...
compiling stm32f4xx_hal_rcc_ex.c...
compiling stm32f4xx_hal_flash.c...
compiling stm32f4xx_hal_rcc.c...
compiling stm32f4xx_hal_gpio.c...
compiling croutine.c...
compiling stm32f4xx_hal_dma_ex.c...
compiling list.c...
compiling stm32f4xx_hal_pwr.c...
compiling system_stm32f4xx.c...
compiling stm32f4xx_hal_dma.c...
compiling stm32f4xx_hal_exti.c...
compiling stm32f4xx_hal_pwr_ex.c...
compiling event_groups.c...
compiling stm32f4xx_hal.c...
compiling stm32f4xx_hal_cortex.c...
compiling heap_4.c...
compiling tasks.c...
compiling port.c...
compiling chap-md5.c...
compiling stream_buffer.c...
compiling timers.c...
compiling stm32f4xx_hal_eth.c...
compiling queue.c...
compiling stm32f4xx_hal_tim_ex.c...
compiling chap_ms.c...
compiling auth.c...
compiling cmsis_os.c...
compiling ccp.c...
compiling chap-new.c...
compiling stm32f4xx_hal_tim.c...
compiling eap.c...
compiling demand.c...
compiling eui64.c...
compiling fsm.c...
compiling mppe.c...
compiling lcp.c...
compiling ipcp.c...
compiling multilink.c...
compiling ipv6cp.c...
compiling ppp.c...
compiling pppapi.c...
compiling magic.c...
compiling pppcrypt.c...
compiling pppoe.c...
compiling pppol2tp.c...
compiling lowpan6_common.c...
compiling utils.c...
compiling ecp.c...
compiling bridgeif.c...
compiling ethernet.c...
compiling vj.c...
compiling bridgeif_fdb.c...
compiling upap.c...
compiling pppos.c...
compiling lowpan6_ble.c...
compiling zepif.c...
compiling lowpan6.c...
compiling err.c...
compiling api_lib.c...
compiling api_msg.c...
compiling if_api.c...
compiling netifapi.c...
compiling altcp_tcp.c...
compiling netdb.c...
compiling altcp.c...
compiling netbuf.c...
compiling altcp_alloc.c...
compiling dns.c...
compiling def.c...
compiling tcpip.c...
compiling mem.c...
compiling ip.c...
compiling inet_chksum.c...
compiling init.c...
compiling raw.c...
compiling memp.c...
compiling sys.c...
compiling stats.c...
compiling netif.c...
compiling sockets.c...
compiling timeouts.c...
compiling pbuf.c...
compiling autoip.c...
compiling tcp_out.c...
compiling tcp_in.c...
compiling dhcp.c...
compiling igmp.c...
compiling icmp.c...
compiling ip4.c...
compiling ethip6.c...
compiling udp.c...
compiling dhcp6.c...
compiling tcp.c...
compiling ip4_addr.c...
compiling ip6_addr.c...
compiling icmp6.c...
compiling mld6.c...
compiling etharp.c...
compiling ip4_frag.c...
compiling ip6_frag.c...
compiling ip6.c...
compiling inet6.c...
compiling nd6.c...
compiling sys_arch.c...
compiling mqtt.c...
linking...
Program Size: Code=73152 RO-data=4188 RW-data=48 ZI-data=71360  
FromELF: creating hex file...
"lab8_ethernet_server\lab8_ethernet_server.axf" - 0 Error(s), 0 Warning(s).

<h2>Software Packages used:</h2>

Package Vendor: ARM
                http://www.keil.com/pack/ARM.CMSIS.5.9.0.pack
                ARM.CMSIS.5.9.0
                CMSIS (Common Microcontroller Software Interface Standard)
   * Component: CORE Version: 5.6.0

Package Vendor: Keil
                https://www.keil.com/pack/Keil.STM32F4xx_DFP.2.17.1.pack
                Keil.STM32F4xx_DFP.2.17.1
                STMicroelectronics STM32F4 Series Device Support, Drivers and Examples

<h2>Collection of Component include folders:</h2>
  ./RTE/_lab8_ethernet_server
  C:/Users/rs040/AppData/Local/Arm/Packs/ARM/CMSIS/5.9.0/CMSIS/Core/Include
  C:/Users/rs040/AppData/Local/Arm/Packs/Keil/STM32F4xx_DFP/2.17.1/Drivers/CMSIS/Device/ST/STM32F4xx/Include

<h2>Collection of Component Files used:</h2>

   * Component: ARM::CMSIS:CORE:5.6.0
      Include file:  CMSIS/Core/Include/tz_context.h
Build Time Elapsed:  00:00:07
</pre>
</body>
</html>
